
> ecosystem-server@1.0.0 build
> tsc

src/phase2-api-test.ts(16,23): error TS18046: 'loginRes.data' is of type 'unknown'.
src/phase4-user-flow.ts(33,31): error TS18046: 'advReg.data' is of type 'unknown'.
src/phase4-user-flow.ts(42,28): error TS18046: 'adminLogin.data' is of type 'unknown'.
src/phase4-user-flow.ts(48,25): error TS18046: 'searchRes.data' is of type 'unknown'.
src/phase4-user-flow.ts(63,26): error TS18046: 'invLogin.data' is of type 'unknown'.
src/phase4-user-flow.ts(69,30): error TS18046: 'marketplace.data' is of type 'unknown'.
src/phase4-user-flow.ts(74,87): error TS18046: 'marketplace.data' is of type 'unknown'.
src/phase5-signal-test.ts(28,28): error TS18046: 'adminLogin.data' is of type 'unknown'.
src/phase5-signal-test.ts(32,25): error TS18046: 'metrics.data' is of type 'unknown'.
src/phase5-signal-test.ts(44,26): error TS18046: 'advLogin.data' is of type 'unknown'.
src/phase5-signal-test.ts(73,44): error TS18046: 'signalRes.data' is of type 'unknown'.
src/phase5-signal-test.ts(87,26): error TS18046: 'invLogin.data' is of type 'unknown'.
src/phase5-signal-test.ts(92,23): error TS18046: 'feedRes.data' is of type 'unknown'.
src/phase5-signal-test.ts(92,62): error TS18046: 'signalRes.data' is of type 'unknown'.
src/phase6-websocket-test.ts(30,28): error TS18046: 'adminLogin.data' is of type 'unknown'.
src/phase6-websocket-test.ts(34,25): error TS18046: 'metrics.data' is of type 'unknown'.
src/phase6-websocket-test.ts(51,26): error TS18046: 'invLogin.data' is of type 'unknown'.
src/phase6-websocket-test.ts(79,26): error TS18046: 'advLogin.data' is of type 'unknown'.
src/phase7-performance-test.ts(27,28): error TS18046: 'adminLogin.data' is of type 'unknown'.
src/phase7-performance-test.ts(31,25): error TS18046: 'metrics.data' is of type 'unknown'.
src/phase7-performance-test.ts(43,26): error TS18046: 'advLogin.data' is of type 'unknown'.
src/phase7-performance-test.ts(55,54): error TS18046: 's1.data' is of type 'unknown'.
src/phase7-performance-test.ts(56,54): error TS18046: 's2.data' is of type 'unknown'.
src/phase7-performance-test.ts(64,47): error TS18046: 'trustRes.data' is of type 'unknown'.
src/phase7-performance-test.ts(72,29): error TS18046: 'profileRes.data' is of type 'unknown'.
