src/services/PlatformSubscriptionService.ts(25,28): error TS2339: Property 'logAction' does not exist on type 'typeof AuditService'.
